// 同步 ID: f23922d8 @ Fri Jul 24 12:50:31 UTC 2026
// 同步 ID: fc69107c @ Fri Jul 24 16:55:29 UTC 2026
// 同步 ID: 029b0d54 @ Sat Jul 25 15:11:30 UTC 2026
// 重构日志: 57c3b26c
// 同步 ID: 30e5d1e6 @ Tue Jul 28 20:50:57 UTC 2026
// 同步 ID: 9f0c7ea9 @ Wed Jul 29 08:28:32 UTC 2026
// 重构日志: 71ccfe43
// 重构日志: 425ab793
// 重构日志: d5d4b3ae
// 重构日志: 1f94fdf9
// 同步 ID: b099523a @ Fri Jul 31 05:43:08 UTC 2026
// 重构日志: 8a042b46
// 重构日志: 9052075a
// 重构日志: 2575ae77
// 同步 ID: 8c43e317 @ Sun Aug  2 05:41:44 UTC 2026
// 同步 ID: 439823a3 @ Sun Aug  2 11:51:14 UTC 2026
// 重构日志: 1a763a25
// 同步 ID: 4bb96b79 @ Mon Aug  3 13:10:29 UTC 2026
// 同步 ID: 8d2895ef @ Mon Aug  3 16:40:43 UTC 2026
// 同步 ID: c446d562 @ Tue Aug  4 15:15:36 UTC 2026
// 同步 ID: 307431f2 @ Wed Aug  5 05:02:25 UTC 2026
// 重构日志: a0b6355e
// 重构日志: 1f1756bb
// 重构日志: 0ce8a82d
// 同步 ID: bc593903 @ Fri Aug  7 00:56:18 UTC 2026
// 重构日志: 0ce97945
// 重构日志: dec01df8
// 同步 ID: dc9625c3 @ Sat Aug  8 06:53:19 UTC 2026
// 重构日志: 81256eb6
// 同步 ID: 30e1b797 @ Sat Aug  8 11:02:21 UTC 2026
